{"report_kind": "unittest-counts-v1", "created_at": "2026-09-17T14:10:37.638161+00:00", "pattern": "test_*.py", "tests_run": 124, "failures": 0, "errors": 0, "skipped": 0, "expected_failures": 0, "unexpected_successes": 0, "status": "PASS"}

test_capability_template_has_no_ready_claims (test_acceptance_assets.AcceptanceAssetsTests.test_capability_template_has_no_ready_claims) ... ok
test_evidence_template_is_not_a_run (test_acceptance_assets.AcceptanceAssetsTests.test_evidence_template_is_not_a_run) ... ok
test_execution_results_are_blank (test_acceptance_assets.AcceptanceAssetsTests.test_execution_results_are_blank) ... ok
test_fixture_scope_requires_teacher_confirmation (test_acceptance_assets.AcceptanceAssetsTests.test_fixture_scope_requires_teacher_confirmation) ... ok
test_fixtures_are_twenty_points_and_five_items (test_acceptance_assets.AcceptanceAssetsTests.test_fixtures_are_twenty_points_and_five_items) ... ok
test_full_gate_case_count (test_acceptance_assets.AcceptanceAssetsTests.test_full_gate_case_count) ... ok
test_hermes_deepseek_no_question_bank_scope (test_acceptance_assets.AcceptanceAssetsTests.test_hermes_deepseek_no_question_bank_scope) ... ok
test_inventory_and_cross_references (test_acceptance_assets.AcceptanceAssetsTests.test_inventory_and_cross_references) ... ok
test_minimum_gate_case_count (test_acceptance_assets.AcceptanceAssetsTests.test_minimum_gate_case_count) ... ok
test_minimum_positive_and_sensitive_cases_repeat_all_stages (test_acceptance_assets.AcceptanceAssetsTests.test_minimum_positive_and_sensitive_cases_repeat_all_stages) ... ok
test_no_application_or_hermes_delivery_claim (test_acceptance_assets.AcceptanceAssetsTests.test_no_application_or_hermes_delivery_claim) ... ok
test_phases_have_explicit_dependencies (test_acceptance_assets.AcceptanceAssetsTests.test_phases_have_explicit_dependencies) ... ok
test_all_examples (test_contracts.ContractTests.test_all_examples) ... ok
test_all_stage_spec_examples (test_contracts.ContractTests.test_all_stage_spec_examples) ... ok
test_blind_input_rejects_private_answer (test_contracts.ContractTests.test_blind_input_rejects_private_answer) ... ok
test_example_scores_and_answer_refs_semantically_consistent (test_contracts.ContractTests.test_example_scores_and_answer_refs_semantically_consistent) ... ok
test_material_group_requires_children_and_zero_parent_score (test_contracts.ContractTests.test_material_group_requires_children_and_zero_parent_score) ... ok
test_nested_question_rejects_private (test_contracts.ContractTests.test_nested_question_rejects_private) ... ok
test_schemas_well_formed (test_contracts.ContractTests.test_schemas_well_formed) ... ok
test_student_question_rejects_private_answer (test_contracts.ContractTests.test_student_question_rejects_private_answer) ... ok
test_unknown_grade_stage_rejected (test_contracts.ContractTests.test_unknown_grade_stage_rejected) ... ok
test_added_read_operations_and_revoke_exist (test_execution_plan.ExecutionPlanTests.test_added_read_operations_and_revoke_exist) ... ok
test_case_single_summary_rejected (test_execution_plan.ExecutionPlanTests.test_case_single_summary_rejected) ... ok
test_case_without_cleanup_rejected (test_execution_plan.ExecutionPlanTests.test_case_without_cleanup_rejected) ... ok
test_complete_plan_consistency (test_execution_plan.ExecutionPlanTests.test_complete_plan_consistency) ... ok
test_dependency_cycle_rejected (test_execution_plan.ExecutionPlanTests.test_dependency_cycle_rejected) ... ok
test_dependency_on_later_phase_rejected (test_execution_plan.ExecutionPlanTests.test_dependency_on_later_phase_rejected) ... ok
test_duplicate_task_rejected (test_execution_plan.ExecutionPlanTests.test_duplicate_task_rejected) ... ok
test_fake_runtime_evidence_rejected (test_execution_plan.ExecutionPlanTests.test_fake_runtime_evidence_rejected) ... ok
test_fake_runtime_pass_rejected (test_execution_plan.ExecutionPlanTests.test_fake_runtime_pass_rejected) ... ok
test_missing_dependency_rejected (test_execution_plan.ExecutionPlanTests.test_missing_dependency_rejected) ... ok
test_unexecuted_materials_leave_all_gates_unclaimed (test_execution_plan.ExecutionPlanTests.test_unexecuted_materials_leave_all_gates_unclaimed) ... ok
test_unknown_task_mapping_rejected (test_execution_plan.ExecutionPlanTests.test_unknown_task_mapping_rejected) ... ok
test_adapter_health_and_capabilities (test_hermes_adapter.TestHermesAdapter.test_adapter_health_and_capabilities) ... ok
test_blind_runtime_isolation_clean_input (test_hermes_adapter.TestHermesAdapter.test_blind_runtime_isolation_clean_input) ... ok
test_blind_runtime_isolation_rejects_leakage (test_hermes_adapter.TestHermesAdapter.test_blind_runtime_isolation_rejects_leakage) ... ok
test_comparator_match (test_hermes_adapter.TestHermesAdapter.test_comparator_match) ... ok
test_comparator_mismatch (test_hermes_adapter.TestHermesAdapter.test_comparator_mismatch) ... ok
test_http_adapter_cancellation (test_hermes_adapter.TestHermesAdapter.test_http_adapter_cancellation) ... ok
test_runtime_factory_isolation (test_hermes_adapter.TestHermesAdapter.test_runtime_factory_isolation) ... ok
test_schema_validator_invalid_candidate (test_hermes_adapter.TestHermesAdapter.test_schema_validator_invalid_candidate) ... ok
test_schema_validator_valid_candidate (test_hermes_adapter.TestHermesAdapter.test_schema_validator_valid_candidate) ... ok
test_skills_loader (test_hermes_adapter.TestHermesAdapter.test_skills_loader) ... ok
test_status_map (test_hermes_adapter.TestHermesAdapter.test_status_map) ... ok
test_actual_progress_does_not_require_editing_baseline (test_project_memory.MemoryTests.test_actual_progress_does_not_require_editing_baseline) ... ok
test_changed_code_stales_evidence (test_project_memory.MemoryTests.test_changed_code_stales_evidence) ... ok
test_changing_scope_declaration_stales_evidence (test_project_memory.MemoryTests.test_changing_scope_declaration_stales_evidence) ... ok
test_ci_has_always_summary_and_no_secret_trigger (test_project_memory.MemoryTests.test_ci_has_always_summary_and_no_secret_trigger) ... ok
test_cli_generated_output_guard (test_project_memory.MemoryTests.test_cli_generated_output_guard) ... ERROR: Context output must stay under progress/generated/
ok
test_context_is_bounded_and_does_not_dump_full_docs (test_project_memory.MemoryTests.test_context_is_bounded_and_does_not_dump_full_docs) ... ok
test_context_reports_handoff_file_drift (test_project_memory.MemoryTests.test_context_reports_handoff_file_drift) ... ok
test_dependency_cycle_rejected (test_project_memory.MemoryTests.test_dependency_cycle_rejected) ... ok
test_dependency_scope_stales_evidence (test_project_memory.MemoryTests.test_dependency_scope_stales_evidence) ... ok
test_derived_status_reproducible (test_project_memory.MemoryTests.test_derived_status_reproducible) ... ok
test_done_without_evidence_rejected (test_project_memory.MemoryTests.test_done_without_evidence_rejected) ... ok
test_duplicate_extra_task_rejected (test_project_memory.MemoryTests.test_duplicate_extra_task_rejected) ... ok
test_duplicate_feature_rejected (test_project_memory.MemoryTests.test_duplicate_feature_rejected) ... ok
test_empty_implementation_rejected (test_project_memory.MemoryTests.test_empty_implementation_rejected) ... ok
test_example_env_allowed (test_project_memory.MemoryTests.test_example_env_allowed) ... ok
test_extra_task_supported_without_baseline_change (test_project_memory.MemoryTests.test_extra_task_supported_without_baseline_change) ... ok
test_fake_implementation_paths_rejected (test_project_memory.MemoryTests.test_fake_implementation_paths_rejected) ... ok
test_git_rename_reports_old_and_new (test_project_memory.MemoryTests.test_git_rename_reports_old_and_new) ... ok
test_git_staged_unstaged_untracked_and_committed (test_project_memory.MemoryTests.test_git_staged_unstaged_untracked_and_committed) ... ok
test_global_contract_change_expands_scope (test_project_memory.MemoryTests.test_global_contract_change_expands_scope) ... ok
test_handoff_does_not_mark_task_done (test_project_memory.MemoryTests.test_handoff_does_not_mark_task_done) ... ok
test_handoffs_are_per_task_session_and_never_overwritten (test_project_memory.MemoryTests.test_handoffs_are_per_task_session_and_never_overwritten) ... ok
test_invalid_task_rejected (test_project_memory.MemoryTests.test_invalid_task_rejected) ... ok
test_matching_scope_is_offline_only (test_project_memory.MemoryTests.test_matching_scope_is_offline_only) ... ok
test_missing_base_fails_closed (test_project_memory.MemoryTests.test_missing_base_fails_closed) ... ok
test_missing_evidence_not_pass (test_project_memory.MemoryTests.test_missing_evidence_not_pass) ... ok
test_missing_required_suite_rejected (test_project_memory.MemoryTests.test_missing_required_suite_rejected) ... ok
test_nested_repository_not_assumed (test_project_memory.MemoryTests.test_nested_repository_not_assumed) ... ok
test_new_watched_file_stales_evidence (test_project_memory.MemoryTests.test_new_watched_file_stales_evidence) ... ok
test_no_git_explicit (test_project_memory.MemoryTests.test_no_git_explicit) ... ok
test_planned_suite_does_not_become_green (test_project_memory.MemoryTests.test_planned_suite_does_not_become_green) ... ok
test_product_not_marked_implemented (test_project_memory.MemoryTests.test_product_not_marked_implemented) ... ok
test_public_projection_change_reaches_exports (test_project_memory.MemoryTests.test_public_projection_change_reaches_exports) ... ok
test_quality_status_semantics (test_project_memory.MemoryTests.test_quality_status_semantics) ... ok
test_record_consistency (test_project_memory.MemoryTests.test_record_consistency) ... ok
test_redaction (test_project_memory.MemoryTests.test_redaction) ... ok
test_report_changed_during_run_is_stale (test_project_memory.MemoryTests.test_report_changed_during_run_is_stale) ... ok
test_report_failed_not_pass (test_project_memory.MemoryTests.test_report_failed_not_pass) ... ok
test_revision_change_reaches_exports (test_project_memory.MemoryTests.test_revision_change_reaches_exports) ... ok
test_sensitive_paths_rejected (test_project_memory.MemoryTests.test_sensitive_paths_rejected) ... ok
test_skips_and_zero_tests_fail (test_project_memory.MemoryTests.test_skips_and_zero_tests_fail) ... ok
test_strict_evidence_needs_evidence (test_project_memory.MemoryTests.test_strict_evidence_needs_evidence) ... ok
test_symlink_rejected (test_project_memory.MemoryTests.test_symlink_rejected) ... ok
test_tampered_log_invalidates_evidence (test_project_memory.MemoryTests.test_tampered_log_invalidates_evidence) ... ok
test_unknown_dependency_rejected (test_project_memory.MemoryTests.test_unknown_dependency_rejected) ... ok
test_unknown_path_not_treated_as_safe (test_project_memory.MemoryTests.test_unknown_path_not_treated_as_safe) ... ok
test_unknown_suite_rejected (test_project_memory.MemoryTests.test_unknown_suite_rejected) ... ok
test_unrelated_handoff_does_not_stale_code_evidence (test_project_memory.MemoryTests.test_unrelated_handoff_does_not_stale_code_evidence) ... ok
test_author_cannot_approve_when_separation_required (test_publish_gate.PublishGateTests.test_author_cannot_approve_when_separation_required) ... ok
test_duplicate_canonical_check (test_publish_gate.PublishGateTests.test_duplicate_canonical_check) ... ok
test_duplicate_people_not_counted_twice (test_publish_gate.PublishGateTests.test_duplicate_people_not_counted_twice) ... ok
test_fail_cannot_be_waived (test_publish_gate.PublishGateTests.test_fail_cannot_be_waived) ... ok
test_forged_check (test_publish_gate.PublishGateTests.test_forged_check) ... ok
test_incomplete_exam (test_publish_gate.PublishGateTests.test_incomplete_exam) ... ok
test_missing_check (test_publish_gate.PublishGateTests.test_missing_check) ... ok
test_non_manual_review_cannot_be_overridden (test_publish_gate.PublishGateTests.test_non_manual_review_cannot_be_overridden) ... ok
test_pass (test_publish_gate.PublishGateTests.test_pass) ... ok
test_policy_blocks (test_publish_gate.PublishGateTests.test_policy_blocks) ... ok
test_render_not_approved (test_publish_gate.PublishGateTests.test_render_not_approved) ... ok
test_review_can_be_resolved_by_authorized_reviewer (test_publish_gate.PublishGateTests.test_review_can_be_resolved_by_authorized_reviewer) ... ok
test_review_requires_resolution (test_publish_gate.PublishGateTests.test_review_requires_resolution) ... ok
test_stale_check (test_publish_gate.PublishGateTests.test_stale_check) ... ok
test_stale_resolution (test_publish_gate.PublishGateTests.test_stale_resolution) ... ok
test_three_distinct_reviewers (test_publish_gate.PublishGateTests.test_three_distinct_reviewers) ... ok
test_api_metadata_runtime_and_paths (test_runtime_policy.RuntimePolicyTests.test_api_metadata_runtime_and_paths) ... ok
test_automatic_fallback_rejected (test_runtime_policy.RuntimePolicyTests.test_automatic_fallback_rejected) ... ok
test_auxiliary_other_route_rejected (test_runtime_policy.RuntimePolicyTests.test_auxiliary_other_route_rejected) ... ok
test_config_type_rejected (test_runtime_policy.RuntimePolicyTests.test_config_type_rejected) ... ok
test_empty_model_rejected (test_runtime_policy.RuntimePolicyTests.test_empty_model_rejected) ... ok
test_hermes_native_fragment (test_runtime_policy.RuntimePolicyTests.test_hermes_native_fragment) ... ok
test_inconsistent_model_ids_rejected (test_runtime_policy.RuntimePolicyTests.test_inconsistent_model_ids_rejected) ... ok
test_missing_role_rejected (test_runtime_policy.RuntimePolicyTests.test_missing_role_rejected) ... ok
test_nested_agent_framework_rejected (test_runtime_policy.RuntimePolicyTests.test_nested_agent_framework_rejected) ... ok
test_other_framework_rejected (test_runtime_policy.RuntimePolicyTests.test_other_framework_rejected) ... ok
test_other_provider_rejected (test_runtime_policy.RuntimePolicyTests.test_other_provider_rejected) ... ok
test_resolved_same_model_policy (test_runtime_policy.RuntimePolicyTests.test_resolved_same_model_policy) ... ok
test_retry_owner_cannot_be_queue (test_runtime_policy.RuntimePolicyTests.test_retry_owner_cannot_be_queue) ... ok
test_secret_template_has_no_key (test_runtime_policy.RuntimePolicyTests.test_secret_template_has_no_key) ... ok
test_shipped_placeholder_cannot_deploy (test_runtime_policy.RuntimePolicyTests.test_shipped_placeholder_cannot_deploy) ... ok
test_wrong_same_model_label_rejected (test_runtime_policy.RuntimePolicyTests.test_wrong_same_model_label_rejected) ... ok

----------------------------------------------------------------------
Ran 124 tests in 6.762s

OK
